Archive member included to satisfy reference by file (symbol)

C:/STM32cubeIDE/install/STM32CubeIDE_1.19.0/STM32CubeIDE/plugins/com.st.stm32cube.ide.mcu.externaltools.gnu-tools-for-stm32.13.3.rel1.win32_1.0.0.202411081344/tools/bin/../lib/gcc/arm-none-eabi/13.3.1/../../../../arm-none-eabi/lib/thumb/v7e-m+fp/hard\libc_nano.a(libc_a-exit.o)
                              C:/STM32cubeIDE/install/STM32CubeIDE_1.19.0/STM32CubeIDE/plugins/com.st.stm32cube.ide.mcu.externaltools.gnu-tools-for-stm32.13.3.rel1.win32_1.0.0.202411081344/tools/bin/../lib/gcc/arm-none-eabi/13.3.1/../../../../arm-none-eabi/lib/thumb/v7e-m+fp/hard/crt0.o (exit)
C:/STM32cubeIDE/install/STM32CubeIDE_1.19.0/STM32CubeIDE/plugins/com.st.stm32cube.ide.mcu.externaltools.gnu-tools-for-stm32.13.3.rel1.win32_1.0.0.202411081344/tools/bin/../lib/gcc/arm-none-eabi/13.3.1/../../../../arm-none-eabi/lib/thumb/v7e-m+fp/hard\libc_nano.a(libc_a-findfp.o)
                              C:/STM32cubeIDE/install/STM32CubeIDE_1.19.0/STM32CubeIDE/plugins/com.st.stm32cube.ide.mcu.externaltools.gnu-tools-for-stm32.13.3.rel1.win32_1.0.0.202411081344/tools/bin/../lib/gcc/arm-none-eabi/13.3.1/../../../../arm-none-eabi/lib/thumb/v7e-m+fp/hard\libc_nano.a(libc_a-exit.o) (__stdio_exit_handler)
C:/STM32cubeIDE/install/STM32CubeIDE_1.19.0/STM32CubeIDE/plugins/com.st.stm32cube.ide.mcu.externaltools.gnu-tools-for-stm32.13.3.rel1.win32_1.0.0.202411081344/tools/bin/../lib/gcc/arm-none-eabi/13.3.1/../../../../arm-none-eabi/lib/thumb/v7e-m+fp/hard\libc_nano.a(libc_a-fwalk.o)
                              C:/STM32cubeIDE/install/STM32CubeIDE_1.19.0/STM32CubeIDE/plugins/com.st.stm32cube.ide.mcu.externaltools.gnu-tools-for-stm32.13.3.rel1.win32_1.0.0.202411081344/tools/bin/../lib/gcc/arm-none-eabi/13.3.1/../../../../arm-none-eabi/lib/thumb/v7e-m+fp/hard\libc_nano.a(libc_a-findfp.o) (_fwalk_sglue)
C:/STM32cubeIDE/install/STM32CubeIDE_1.19.0/STM32CubeIDE/plugins/com.st.stm32cube.ide.mcu.externaltools.gnu-tools-for-stm32.13.3.rel1.win32_1.0.0.202411081344/tools/bin/../lib/gcc/arm-none-eabi/13.3.1/../../../../arm-none-eabi/lib/thumb/v7e-m+fp/hard\libc_nano.a(libc_a-stdio.o)
                              C:/STM32cubeIDE/install/STM32CubeIDE_1.19.0/STM32CubeIDE/plugins/com.st.stm32cube.ide.mcu.externaltools.gnu-tools-for-stm32.13.3.rel1.win32_1.0.0.202411081344/tools/bin/../lib/gcc/arm-none-eabi/13.3.1/../../../../arm-none-eabi/lib/thumb/v7e-m+fp/hard\libc_nano.a(libc_a-findfp.o) (__sread)
C:/STM32cubeIDE/install/STM32CubeIDE_1.19.0/STM32CubeIDE/plugins/com.st.stm32cube.ide.mcu.externaltools.gnu-tools-for-stm32.13.3.rel1.win32_1.0.0.202411081344/tools/bin/../lib/gcc/arm-none-eabi/13.3.1/../../../../arm-none-eabi/lib/thumb/v7e-m+fp/hard\libc_nano.a(libc_a-memset.o)
                              C:/STM32cubeIDE/install/STM32CubeIDE_1.19.0/STM32CubeIDE/plugins/com.st.stm32cube.ide.mcu.externaltools.gnu-tools-for-stm32.13.3.rel1.win32_1.0.0.202411081344/tools/bin/../lib/gcc/arm-none-eabi/13.3.1/../../../../arm-none-eabi/lib/thumb/v7e-m+fp/hard/crt0.o (memset)
C:/STM32cubeIDE/install/STM32CubeIDE_1.19.0/STM32CubeIDE/plugins/com.st.stm32cube.ide.mcu.externaltools.gnu-tools-for-stm32.13.3.rel1.win32_1.0.0.202411081344/tools/bin/../lib/gcc/arm-none-eabi/13.3.1/../../../../arm-none-eabi/lib/thumb/v7e-m+fp/hard\libc_nano.a(libc_a-closer.o)
                              C:/STM32cubeIDE/install/STM32CubeIDE_1.19.0/STM32CubeIDE/plugins/com.st.stm32cube.ide.mcu.externaltools.gnu-tools-for-stm32.13.3.rel1.win32_1.0.0.202411081344/tools/bin/../lib/gcc/arm-none-eabi/13.3.1/../../../../arm-none-eabi/lib/thumb/v7e-m+fp/hard\libc_nano.a(libc_a-stdio.o) (_close_r)
C:/STM32cubeIDE/install/STM32CubeIDE_1.19.0/STM32CubeIDE/plugins/com.st.stm32cube.ide.mcu.externaltools.gnu-tools-for-stm32.13.3.rel1.win32_1.0.0.202411081344/tools/bin/../lib/gcc/arm-none-eabi/13.3.1/../../../../arm-none-eabi/lib/thumb/v7e-m+fp/hard\libc_nano.a(libc_a-reent.o)
                              C:/STM32cubeIDE/install/STM32CubeIDE_1.19.0/STM32CubeIDE/plugins/com.st.stm32cube.ide.mcu.externaltools.gnu-tools-for-stm32.13.3.rel1.win32_1.0.0.202411081344/tools/bin/../lib/gcc/arm-none-eabi/13.3.1/../../../../arm-none-eabi/lib/thumb/v7e-m+fp/hard\libc_nano.a(libc_a-closer.o) (errno)
C:/STM32cubeIDE/install/STM32CubeIDE_1.19.0/STM32CubeIDE/plugins/com.st.stm32cube.ide.mcu.externaltools.gnu-tools-for-stm32.13.3.rel1.win32_1.0.0.202411081344/tools/bin/../lib/gcc/arm-none-eabi/13.3.1/../../../../arm-none-eabi/lib/thumb/v7e-m+fp/hard\libc_nano.a(libc_a-impure.o)
                              C:/STM32cubeIDE/install/STM32CubeIDE_1.19.0/STM32CubeIDE/plugins/com.st.stm32cube.ide.mcu.externaltools.gnu-tools-for-stm32.13.3.rel1.win32_1.0.0.202411081344/tools/bin/../lib/gcc/arm-none-eabi/13.3.1/../../../../arm-none-eabi/lib/thumb/v7e-m+fp/hard\libc_nano.a(libc_a-reent.o) (_impure_ptr)
[...]
Memory Configuration

Name             Origin             Length             Attributes
CCMRAM           0x10000000         0x00010000         xrw
RAM              0x20000000         0x00020000         xrw
FLASH            0x08000000         0x00100000         xr
*default*        0x00000000         0xffffffff

Linker script and memory map

LOAD C:/STM32cubeIDE/install/STM32CubeIDE_1.19.0/STM32CubeIDE/plugins/com.st.stm32cube.ide.mcu.externaltools.gnu-tools-for-stm32.13.3.rel1.win32_1.0.0.202411081344/tools/bin/../lib/gcc/arm-none-eabi/13.3.1/thumb/v7e-m+fp/hard/crti.o
LOAD C:/STM32cubeIDE/install/STM32CubeIDE_1.19.0/STM32CubeIDE/plugins/com.st.stm32cube.ide.mcu.externaltools.gnu-tools-for-stm32.13.3.rel1.win32_1.0.0.202411081344/tools/bin/../lib/gcc/arm-none-eabi/13.3.1/thumb/v7e-m+fp/hard/crtbegin.o
LOAD C:/STM32cubeIDE/install/STM32CubeIDE_1.19.0/STM32CubeIDE/plugins/com.st.stm32cube.ide.mcu.externaltools.gnu-tools-for-stm32.13.3.rel1.win32_1.0.0.202411081344/tools/bin/../lib/gcc/arm-none-eabi/13.3.1/../../../../arm-none-eabi/lib/thumb/v7e-m+fp/hard/crt0.o
LOAD ./Application/User/Core/main.o
LOAD ./Application/User/Core/stm32f4xx_it.o
LOAD ./Application/User/Core/syscalls.o
LOAD ./Application/User/Core/sysmem.o
LOAD ./Application/User/Startup/startup_stm32f407zgtx.o
LOAD ./Drivers/CMSIS/system_stm32f4xx.o
LOAD ./Drivers/STM32F4xx_HAL_Driver/stm32f4xx_ll_exti.o
LOAD ./Drivers/STM32F4xx_HAL_Driver/stm32f4xx_ll_gpio.o
LOAD ./Drivers/STM32F4xx_HAL_Driver/stm32f4xx_ll_rcc.o
LOAD ./Drivers/STM32F4xx_HAL_Driver/stm32f4xx_ll_utils.o
START GROUP
LOAD C:/STM32cubeIDE/install/STM32CubeIDE_1.19.0/STM32CubeIDE/plugins/com.st.stm32cube.ide.mcu.externaltools.gnu-tools-for-stm32.13.3.rel1.win32_1.0.0.202411081344/tools/bin/../lib/gcc/arm-none-eabi/13.3.1/../../../../arm-none-eabi/lib/thumb/v7e-m+fp/hard\libc_nano.a
LOAD C:/STM32cubeIDE/install/STM32CubeIDE_1.19.0/STM32CubeIDE/plugins/com.st.stm32cube.ide.mcu.externaltools.gnu-tools-for-stm32.13.3.rel1.win32_1.0.0.202411081344/tools/bin/../lib/gcc/arm-none-eabi/13.3.1/../../../../arm-none-eabi/lib/thumb/v7e-m+fp/hard\libm.a
END GROUP
START GROUP
LOAD C:/STM32cubeIDE/install/STM32CubeIDE_1.19.0/STM32CubeIDE/plugins/com.st.stm32cube.ide.mcu.externaltools.gnu-tools-for-stm32.13.3.rel1.win32_1.0.0.202411081344/tools/bin/../lib/gcc/arm-none-eabi/13.3.1/thumb/v7e-m+fp/hard\libgcc.a
LOAD C:/STM32cubeIDE/install/STM32CubeIDE_1.19.0/STM32CubeIDE/plugins/com.st.stm32cube.ide.mcu.externaltools.gnu-tools-for-stm32.13.3.rel1.win32_1.0.0.202411081344/tools/bin/../lib/gcc/arm-none-eabi/13.3.1/../../../../arm-none-eabi/lib/thumb/v7e-m+fp/hard\libc_nano.a
END GROUP
START GROUP
LOAD C:/STM32cubeIDE/install/STM32CubeIDE_1.19.0/STM32CubeIDE/plugins/com.st.stm32cube.ide.mcu.externaltools.gnu-tools-for-stm32.13.3.rel1.win32_1.0.0.202411081344/tools/bin/../lib/gcc/arm-none-eabi/13.3.1/thumb/v7e-m+fp/hard\libgcc.a
LOAD C:/STM32cubeIDE/install/STM32CubeIDE_1.19.0/STM32CubeIDE/plugins/com.st.stm32cube.ide.mcu.externaltools.gnu-tools-for-stm32.13.3.rel1.win32_1.0.0.202411081344/tools/bin/../lib/gcc/arm-none-eabi/13.3.1/../../../../arm-none-eabi/lib/thumb/v7e-m+fp/hard\libc_nano.a
LOAD C:/STM32cubeIDE/install/STM32CubeIDE_1.19.0/STM32CubeIDE/plugins/com.st.stm32cube.ide.mcu.externaltools.gnu-tools-for-stm32.13.3.rel1.win32_1.0.0.202411081344/tools/bin/../lib/gcc/arm-none-eabi/13.3.1/../../../../arm-none-eabi/lib/thumb/v7e-m+fp/hard\libnosys.a
END GROUP
START GROUP
LOAD C:/STM32cubeIDE/install/STM32CubeIDE_1.19.0/STM32CubeIDE/plugins/com.st.stm32cube.ide.mcu.externaltools.gnu-tools-for-stm32.13.3.rel1.win32_1.0.0.202411081344/tools/bin/../lib/gcc/arm-none-eabi/13.3.1/thumb/v7e-m+fp/hard\libgcc.a
LOAD C:/STM32cubeIDE/install/STM32CubeIDE_1.19.0/STM32CubeIDE/plugins/com.st.stm32cube.ide.mcu.externaltools.gnu-tools-for-stm32.13.3.rel1.win32_1.0.0.202411081344/tools/bin/../lib/gcc/arm-none-eabi/13.3.1/../../../../arm-none-eabi/lib/thumb/v7e-m+fp/hard\libc_nano.a
LOAD C:/STM32cubeIDE/install/STM32CubeIDE_1.19.0/STM32CubeIDE/plugins/com.st.stm32cube.ide.mcu.externaltools.gnu-tools-for-stm32.13.3.rel1.win32_1.0.0.202411081344/tools/bin/../lib/gcc/arm-none-eabi/13.3.1/../../../../arm-none-eabi/lib/thumb/v7e-m+fp/hard\libnosys.a
END GROUP
LOAD C:/STM32cubeIDE/install/STM32CubeIDE_1.19.0/STM32CubeIDE/plugins/com.st.stm32cube.ide.mcu.externaltools.gnu-tools-for-stm32.13.3.rel1.win32_1.0.0.202411081344/tools/bin/../lib/gcc/arm-none-eabi/13.3.1/thumb/v7e-m+fp/hard/crtend.o
LOAD C:/STM32cubeIDE/install/STM32CubeIDE_1.19.0/STM32CubeIDE/plugins/com.st.stm32cube.ide.mcu.externaltools.gnu-tools-for-stm32.13.3.rel1.win32_1.0.0.202411081344/tools/bin/../lib/gcc/arm-none-eabi/13.3.1/thumb/v7e-m+fp/hard/crtn.o
                0x20020000                        _estack = (ORIGIN (RAM) + LENGTH (RAM))
                0x00000200                        _Min_Heap_Size = 0x200
                0x00000400                        _Min_Stack_Size = 0x400

.isr_vector     0x08000000      0x188
                0x08000000                        . = ALIGN (0x4)
 *(.isr_vector)
 .isr_vector    0x08000000      0x188 ./Application/User/Startup/startup_stm32f407zgtx.o
                0x08000000                g_pfnVectors
                0x08000188                        . = ALIGN (0x4)

.text           0x08000188      0x178
                0x08000188                        . = ALIGN (0x4)
 *(.text)
 .text          0x08000188       0x40 C:/STM32cubeIDE/install/STM32CubeIDE_1.19.0/STM32CubeIDE/plugins/com.st.stm32cube.ide.mcu.externaltools.gnu-tools-for-stm32.13.3.rel1.win32_1.0.0.202411081344/tools/bin/../lib/gcc/arm-none-eabi/13.3.1/thumb/v7e-m+fp/hard/crtbegin.o
 *(.text*)
 .text.NMI_Handler
                0x080001c8        0x8 ./Application/User/Core/stm32f4xx_it.o
                0x080001c8                NMI_Handler
 .text.HardFault_Handler
                0x080001d0        0x8 ./Application/User/Core/stm32f4xx_it.o
                0x080001d0                HardFault_Handler
 .text.MemManage_Handler
                0x080001d8        0x8 ./Application/User/Core/stm32f4xx_it.o
                0x080001d8                MemManage_Handler
 .text.BusFault_Handler
                0x080001e0        0x8 ./Application/User/Core/stm32f4xx_it.o
                0x080001e0                BusFault_Handler
 .text.UsageFault_Handler
                0x080001e8        0x8 ./Application/User/Core/stm32f4xx_it.o
                0x080001e8                UsageFault_Handler
 .text.SVC_Handler
                0x080001f0        0xe ./Application/User/Core/stm32f4xx_it.o
                0x080001f0                SVC_Handler
 .text.DebugMon_Handler
                0x080001fe        0xe ./Application/User/Core/stm32f4xx_it.o
                0x080001fe                DebugMon_Handler
 .text.PendSV_Handler
                0x0800020c        0xe ./Application/User/Core/stm32f4xx_it.o
                0x0800020c                PendSV_Handler
 .text.SysTick_Handler
                0x0800021a        0xe ./Application/User/Core/stm32f4xx_it.o
                0x0800021a                SysTick_Handler
 .text.Reset_Handler
                0x08000228       0x50 ./Application/User/Startup/startup_stm32f407zgtx.o
                0x08000228                Reset_Handler
 .text.Default_Handler
                0x08000278        0x2 ./Application/User/Startup/startup_stm32f407zgtx.o
                0x08000278                RTC_Alarm_IRQHandler
                0x08000278                HASH_RNG_IRQHandler
                0x08000278                EXTI2_IRQHandler
                0x08000278                TIM8_CC_IRQHandler
                0x08000278                TIM1_CC_IRQHandler
                0x08000278                DMA2_Stream5_IRQHandler
                0x08000278                DMA1_Stream5_IRQHandler
                0x08000278                PVD_IRQHandler
                0x08000278                SDIO_IRQHandler
                0x08000278                TAMP_STAMP_IRQHandler
                0x08000278                CAN2_RX1_IRQHandler
                0x08000278                EXTI3_IRQHandler
                0x08000278                TIM8_TRG_COM_TIM14_IRQHandler
                0x08000278                TIM1_UP_TIM10_IRQHandler
                0x08000278                TIM8_UP_TIM13_IRQHandler
                0x08000278                I2C3_ER_IRQHandler
                0x08000278                EXTI0_IRQHandler
                0x08000278                I2C2_EV_IRQHandler
                0x08000278                DMA1_Stream2_IRQHandler
                0x08000278                CAN1_RX0_IRQHandler
                0x08000278                FPU_IRQHandler
                0x08000278                OTG_HS_WKUP_IRQHandler
                0x08000278                CAN2_SCE_IRQHandler
                0x08000278                DMA2_Stream2_IRQHandler
                0x08000278                SPI1_IRQHandler
                0x08000278                TIM6_DAC_IRQHandler
                0x08000278                TIM1_BRK_TIM9_IRQHandler
                0x08000278                DCMI_IRQHandler
                0x08000278                CAN2_RX0_IRQHandler
                0x08000278                DMA2_Stream3_IRQHandler
                0x08000278                USART6_IRQHandler
                0x08000278                USART3_IRQHandler
                0x08000278                CAN1_RX1_IRQHandler
                0x08000278                UART5_IRQHandler
                0x08000278                DMA2_Stream0_IRQHandler
                0x08000278                TIM4_IRQHandler
                0x08000278                I2C1_EV_IRQHandler
                0x08000278                DMA1_Stream6_IRQHandler
                0x08000278                DMA1_Stream1_IRQHandler
                0x08000278                UART4_IRQHandler
                0x08000278                TIM3_IRQHandler
                0x08000278                RCC_IRQHandler
                0x08000278                TIM8_BRK_TIM12_IRQHandler
                0x08000278                Default_Handler
                0x08000278                EXTI15_10_IRQHandler
                0x08000278                ADC_IRQHandler
                0x08000278                DMA1_Stream7_IRQHandler
                0x08000278                TIM7_IRQHandler
                0x08000278                CAN2_TX_IRQHandler
                0x08000278                TIM5_IRQHandler
                0x08000278                DMA2_Stream7_IRQHandler
                0x08000278                I2C3_EV_IRQHandler
                0x08000278                EXTI9_5_IRQHandler
                0x08000278                RTC_WKUP_IRQHandler
                0x08000278                ETH_WKUP_IRQHandler
                0x08000278                SPI2_IRQHandler
                0x08000278                OTG_HS_EP1_IN_IRQHandler
                0x08000278                DMA1_Stream0_IRQHandler
                0x08000278                CAN1_TX_IRQHandler
                0x08000278                EXTI4_IRQHandler
                0x08000278                FSMC_IRQHandler
                0x08000278                ETH_IRQHandler
                0x08000278                OTG_HS_EP1_OUT_IRQHandler
                0x08000278                WWDG_IRQHandler
                0x08000278                TIM2_IRQHandler
                0x08000278                OTG_FS_WKUP_IRQHandler
                0x08000278                TIM1_TRG_COM_TIM11_IRQHandler
                0x08000278                OTG_HS_IRQHandler
                0x08000278                EXTI1_IRQHandler
                0x08000278                USART2_IRQHandler
                0x08000278                I2C2_ER_IRQHandler
                0x08000278                DMA2_Stream1_IRQHandler
                0x08000278                CAN1_SCE_IRQHandler
                0x08000278                FLASH_IRQHandler
                0x08000278                DMA2_Stream4_IRQHandler
                0x08000278                USART1_IRQHandler
                0x08000278                OTG_FS_IRQHandler
                0x08000278                SPI3_IRQHandler
                0x08000278                DMA1_Stream4_IRQHandler
                0x08000278                I2C1_ER_IRQHandler
                0x08000278                DMA2_Stream6_IRQHandler
                0x08000278                DMA1_Stream3_IRQHandler
 *fill*         0x0800027a        0x2 
 .text.SystemInit
                0x0800027c       0x24 ./Drivers/CMSIS/system_stm32f4xx.o
                0x0800027c                SystemInit
 .text.__libc_init_array
                0x080002a0       0x48 C:/STM32cubeIDE/install/STM32CubeIDE_1.19.0/STM32CubeIDE/plugins/com.st.stm32cube.ide.mcu.externaltools.gnu-tools-for-stm32.13.3.rel1.win32_1.0.0.202411081344/tools/bin/../lib/gcc/arm-none-eabi/13.3.1/../../../../arm-none-eabi/lib/thumb/v7e-m+fp/hard\libc_nano.a(libc_a-init.o)
                0x080002a0                __libc_init_array
 *(.glue_7)
 .glue_7        0x080002e8        0x0 linker stubs
 *(.glue_7t)
 .glue_7t       0x080002e8        0x0 linker stubs
 *(.eh_frame)
 .eh_frame      0x080002e8        0x0 C:/STM32cubeIDE/install/STM32CubeIDE_1.19.0/STM32CubeIDE/plugins/com.st.stm32cube.ide.mcu.externaltools.gnu-tools-for-stm32.13.3.rel1.win32_1.0.0.202411081344/tools/bin/../lib/gcc/arm-none-eabi/13.3.1/thumb/v7e-m+fp/hard/crtbegin.o
 *(.init)
 .init          0x080002e8        0x4 C:/STM32cubeIDE/install/STM32CubeIDE_1.19.0/STM32CubeIDE/plugins/com.st.stm32cube.ide.mcu.externaltools.gnu-tools-for-stm32.13.3.rel1.win32_1.0.0.202411081344/tools/bin/../lib/gcc/arm-none-eabi/13.3.1/thumb/v7e-m+fp/hard/crti.o
                0x080002e8                _init
 .init          0x080002ec        0x8 C:/STM32cubeIDE/install/STM32CubeIDE_1.19.0/STM32CubeIDE/plugins/com.st.stm32cube.ide.mcu.externaltools.gnu-tools-for-stm32.13.3.rel1.win32_1.0.0.202411081344/tools/bin/../lib/gcc/arm-none-eabi/13.3.1/thumb/v7e-m+fp/hard/crtn.o
 *(.fini)
 .fini          0x080002f4        0x4 C:/STM32cubeIDE/install/STM32CubeIDE_1.19.0/STM32CubeIDE/plugins/com.st.stm32cube.ide.mcu.externaltools.gnu-tools-for-stm32.13.3.rel1.win32_1.0.0.202411081344/tools/bin/../lib/gcc/arm-none-eabi/13.3.1/thumb/v7e-m+fp/hard/crti.o
                0x080002f4                _fini
 .fini          0x080002f8        0x8 C:/STM32cubeIDE/install/STM32CubeIDE_1.19.0/STM32CubeIDE/plugins/com.st.stm32cube.ide.mcu.externaltools.gnu-tools-for-stm32.13.3.rel1.win32_1.0.0.202411081344/tools/bin/../lib/gcc/arm-none-eabi/13.3.1/thumb/v7e-m+fp/hard/crtn.o
                0x08000300                        . = ALIGN (0x4)
                0x08000300                        _etext = .

.vfp11_veneer   0x08000300        0x0
 .vfp11_veneer  0x08000300        0x0 linker stubs

.v4_bx          0x08000300        0x0
 .v4_bx         0x08000300        0x0 linker stubs

.iplt           0x08000300        0x0
 .iplt          0x08000300        0x0 C:/STM32cubeIDE/install/STM32CubeIDE_1.19.0/STM32CubeIDE/plugins/com.st.stm32cube.ide.mcu.externaltools.gnu-tools-for-stm32.13.3.rel1.win32_1.0.0.202411081344/tools/bin/../lib/gcc/arm-none-eabi/13.3.1/thumb/v7e-m+fp/hard/crtbegin.o

.rodata         0x08000300        0x0
                0x08000300                        . = ALIGN (0x4)
 *(.rodata)
 *(.rodata*)
                0x08000300                        . = ALIGN (0x4)

.ARM.extab      0x08000300        0x0
                0x08000300                        . = ALIGN (0x4)
 *(.ARM.extab* .gnu.linkonce.armextab.*)
                0x08000300                        . = ALIGN (0x4)

.ARM            0x08000300        0x0
                0x08000300                        . = ALIGN (0x4)
                0x08000300                        __exidx_start = .
 *(.ARM.exidx*)
                0x08000300                        __exidx_end = .
                0x08000300                        . = ALIGN (0x4)

.preinit_array  0x08000300        0x0
                0x08000300                        . = ALIGN (0x4)
                0x08000300                        PROVIDE (__preinit_array_start = .)
 *(.preinit_array*)
                0x08000300                        PROVIDE (__preinit_array_end = .)
                0x08000300                        . = ALIGN (0x4)

.init_array     0x08000300        0x4
                0x08000300                        . = ALIGN (0x4)
                0x08000300                        PROVIDE (__init_array_start = .)
 *(SORT_BY_NAME(.init_array.*))
 *(.init_array*)
 .init_array    0x08000300        0x4 C:/STM32cubeIDE/install/STM32CubeIDE_1.19.0/STM32CubeIDE/plugins/com.st.stm32cube.ide.mcu.externaltools.gnu-tools-for-stm32.13.3.rel1.win32_1.0.0.202411081344/tools/bin/../lib/gcc/arm-none-eabi/13.3.1/thumb/v7e-m+fp/hard/crtbegin.o
                0x08000304                        PROVIDE (__init_array_end = .)
                0x08000304                        . = ALIGN (0x4)

.fini_array     0x08000304        0x4
                0x08000304                        . = ALIGN (0x4)
                [!provide]                        PROVIDE (__fini_array_start = .)
 *(SORT_BY_NAME(.fini_array.*))
 *(.fini_array*)
 .fini_array    0x08000304        0x4 C:/STM32cubeIDE/install/STM32CubeIDE_1.19.0/STM32CubeIDE/plugins/com.st.stm32cube.ide.mcu.externaltools.gnu-tools-for-stm32.13.3.rel1.win32_1.0.0.202411081344/tools/bin/../lib/gcc/arm-none-eabi/13.3.1/thumb/v7e-m+fp/hard/crtbegin.o
                [!provide]                        PROVIDE (__fini_array_end = .)
                0x08000308                        . = ALIGN (0x4)
                0x08000308                        _sidata = LOADADDR (.data)

.rel.dyn        0x08000308        0x0
 .rel.iplt      0x08000308        0x0 C:/STM32cubeIDE/install/STM32CubeIDE_1.19.0/STM32CubeIDE/plugins/com.st.stm32cube.ide.mcu.externaltools.gnu-tools-for-stm32.13.3.rel1.win32_1.0.0.202411081344/tools/bin/../lib/gcc/arm-none-eabi/13.3.1/thumb/v7e-m+fp/hard/crtbegin.o

.data           0x20000000        0x0 load address 0x08000308
                0x20000000                        . = ALIGN (0x4)
                0x20000000                        _sdata = .
 *(.data)
 *(.data*)
 *(.RamFunc)
 *(.RamFunc*)
                0x20000000                        . = ALIGN (0x4)
                0x20000000                        _edata = .
                0x08000308                        _siccmram = LOADADDR (.ccmram)

.igot.plt       0x20000000        0x0 load address 0x08000308
 .igot.plt      0x20000000        0x0 C:/STM32cubeIDE/install/STM32CubeIDE_1.19.0/STM32CubeIDE/plugins/com.st.stm32cube.ide.mcu.externaltools.gnu-tools-for-stm32.13.3.rel1.win32_1.0.0.202411081344/tools/bin/../lib/gcc/arm-none-eabi/13.3.1/thumb/v7e-m+fp/hard/crtbegin.o

.ccmram         0x10000000        0x0 load address 0x08000308
                0x10000000                        . = ALIGN (0x4)
                0x10000000                        _sccmram = .
 *(.ccmram)
 *(.ccmram*)
                0x10000000                        . = ALIGN (0x4)
                0x10000000                        _eccmram = .
                0x10000000                        . = ALIGN (0x4)

.bss            0x20000000       0x1c
                0x20000000                        _sbss = .
                0x20000000                        __bss_start__ = _sbss
 *(.bss)
 .bss           0x20000000       0x1c C:/STM32cubeIDE/install/STM32CubeIDE_1.19.0/STM32CubeIDE/plugins/com.st.stm32cube.ide.mcu.externaltools.gnu-tools-for-stm32.13.3.rel1.win32_1.0.0.202411081344/tools/bin/../lib/gcc/arm-none-eabi/13.3.1/thumb/v7e-m+fp/hard/crtbegin.o
 *(.bss*)
 *(COMMON)
                0x2000001c                        . = ALIGN (0x4)
                0x2000001c                        _ebss = .
                0x2000001c                        __bss_end__ = _ebss

._user_heap_stack
                0x2000001c      0x604
                0x20000020                        . = ALIGN (0x8)
 *fill*         0x2000001c        0x4 
                [!provide]                        PROVIDE (end = .)
                0x20000020                        PROVIDE (_end = .)
                0x20000220                        . = (. + _Min_Heap_Size)
 *fill*         0x20000020      0x200 
                0x20000620                        . = (. + _Min_Stack_Size)
 *fill*         0x20000220      0x400 
                0x20000620                        . = ALIGN (0x8)

/DISCARD/
 libc.a(*)
 libm.a(*)
 libgcc.a(*)

.ARM.attributes
                0x00000000       0x30
 *(.ARM.attributes)
 .ARM.attributes
                0x00000000       0x22 C:/STM32cubeIDE/install/STM32CubeIDE_1.19.0/STM32CubeIDE/plugins/com.st.stm32cube.ide.mcu.externaltools.gnu-tools-for-stm32.13.3.rel1.win32_1.0.0.202411081344/tools/bin/../lib/gcc/arm-none-eabi/13.3.1/thumb/v7e-m+fp/hard/crti.o
 .ARM.attributes
                0x00000022       0x34 C:/STM32cubeIDE/install/STM32CubeIDE_1.19.0/STM32CubeIDE/plugins/com.st.stm32cube.ide.mcu.externaltools.gnu-tools-for-stm32.13.3.rel1.win32_1.0.0.202411081344/tools/bin/../lib/gcc/arm-none-eabi/13.3.1/thumb/v7e-m+fp/hard/crtbegin.o
 .ARM.attributes
                0x00000056       0x34 ./Application/User/Core/stm32f4xx_it.o
 .ARM.attributes
                0x0000008a       0x21 ./Application/User/Startup/startup_stm32f407zgtx.o
 .ARM.attributes
                0x000000ab       0x34 ./Drivers/CMSIS/system_stm32f4xx.o
 .ARM.attributes
                0x000000df       0x34 C:/STM32cubeIDE/install/STM32CubeIDE_1.19.0/STM32CubeIDE/plugins/com.st.stm32cube.ide.mcu.externaltools.gnu-tools-for-stm32.13.3.rel1.win32_1.0.0.202411081344/tools/bin/../lib/gcc/arm-none-eabi/13.3.1/../../../../arm-none-eabi/lib/thumb/v7e-m+fp/hard\libc_nano.a(libc_a-init.o)
 .ARM.attributes
                0x00000113       0x22 C:/STM32cubeIDE/install/STM32CubeIDE_1.19.0/STM32CubeIDE/plugins/com.st.stm32cube.ide.mcu.externaltools.gnu-tools-for-stm32.13.3.rel1.win32_1.0.0.202411081344/tools/bin/../lib/gcc/arm-none-eabi/13.3.1/thumb/v7e-m+fp/hard/crtn.o
OUTPUT(2_Simulink_test.elf elf32-littlearm)
LOAD linker stubs
LOAD C:/STM32cubeIDE/install/STM32CubeIDE_1.19.0/STM32CubeIDE/plugins/com.st.stm32cube.ide.mcu.externaltools.gnu-tools-for-stm32.13.3.rel1.win32_1.0.0.202411081344/tools/bin/../lib/gcc/arm-none-eabi/13.3.1/../../../../arm-none-eabi/lib/thumb/v7e-m+fp/hard\libc.a
LOAD C:/STM32cubeIDE/install/STM32CubeIDE_1.19.0/STM32CubeIDE/plugins/com.st.stm32cube.ide.mcu.externaltools.gnu-tools-for-stm32.13.3.rel1.win32_1.0.0.202411081344/tools/bin/../lib/gcc/arm-none-eabi/13.3.1/../../../../arm-none-eabi/lib/thumb/v7e-m+fp/hard\libm.a
LOAD C:/STM32cubeIDE/install/STM32CubeIDE_1.19.0/STM32CubeIDE/plugins/com.st.stm32cube.ide.mcu.externaltools.gnu-tools-for-stm32.13.3.rel1.win32_1.0.0.202411081344/tools/bin/../lib/gcc/arm-none-eabi/13.3.1/thumb/v7e-m+fp/hard\libgcc.a

.debug_info     0x00000000      0x680
 .debug_info    0x00000000      0x145 ./Application/User/Core/stm32f4xx_it.o
 .debug_info    0x00000145       0x30 ./Application/User/Startup/startup_stm32f407zgtx.o
 .debug_info    0x00000175      0x50b ./Drivers/CMSIS/system_stm32f4xx.o

.debug_abbrev   0x00000000      0x1be
 .debug_abbrev  0x00000000       0x80 ./Application/User/Core/stm32f4xx_it.o
 .debug_abbrev  0x00000080       0x24 ./Application/User/Startup/startup_stm32f407zgtx.o
 .debug_abbrev  0x000000a4      0x11a ./Drivers/CMSIS/system_stm32f4xx.o

.debug_aranges  0x00000000       0xb0
 .debug_aranges
                0x00000000       0x60 ./Application/User/Core/stm32f4xx_it.o
 .debug_aranges
                0x00000060       0x28 ./Application/User/Startup/startup_stm32f407zgtx.o
 .debug_aranges
                0x00000088       0x28 ./Drivers/CMSIS/system_stm32f4xx.o

.debug_rnglists
                0x00000000       0x76
 .debug_rnglists
                0x00000000       0x43 ./Application/User/Core/stm32f4xx_it.o
 .debug_rnglists
                0x00000043       0x19 ./Application/User/Startup/startup_stm32f407zgtx.o
 .debug_rnglists
                0x0000005c       0x1a ./Drivers/CMSIS/system_stm32f4xx.o

.debug_macro    0x00000000      0x20c
 .debug_macro   0x00000000      0x13e ./Application/User/Core/stm32f4xx_it.o
 .debug_macro   0x0000013e       0xce ./Drivers/CMSIS/system_stm32f4xx.o

.debug_line     0x00000000      0xe82
 .debug_line    0x00000000      0x7a1 ./Application/User/Core/stm32f4xx_it.o
 .debug_line    0x000007a1       0x7a ./Application/User/Startup/startup_stm32f407zgtx.o
 .debug_line    0x0000081b      0x667 ./Drivers/CMSIS/system_stm32f4xx.o

.debug_str      0x00000000    0x9193f
 .debug_str     0x00000000    0x9193f ./Application/User/Core/stm32f4xx_it.o
                              0x9181d (size before relaxing)
 .debug_str     0x0009193f       0xbe ./Application/User/Startup/startup_stm32f407zgtx.o
 .debug_str     0x0009193f    0x887c9 ./Drivers/CMSIS/system_stm32f4xx.o

.comment        0x00000000       0x43
 .comment       0x00000000       0x43 ./Application/User/Core/stm32f4xx_it.o
                                 0x44 (size before relaxing)
 .comment       0x00000043       0x44 ./Drivers/CMSIS/system_stm32f4xx.o

.debug_frame    0x00000000      0x18c
 .debug_frame   0x00000000      0x108 ./Application/User/Core/stm32f4xx_it.o
 .debug_frame   0x00000108       0x58 ./Drivers/CMSIS/system_stm32f4xx.o
 .debug_frame   0x00000160       0x2c C:/STM32cubeIDE/install/STM32CubeIDE_1.19.0/STM32CubeIDE/plugins/com.st.stm32cube.ide.mcu.externaltools.gnu-tools-for-stm32.13.3.rel1.win32_1.0.0.202411081344/tools/bin/../lib/gcc/arm-none-eabi/13.3.1/../../../../arm-none-eabi/lib/thumb/v7e-m+fp/hard\libc_nano.a(libc_a-init.o)

.debug_line_str
                0x00000000       0xa2
 .debug_line_str
                0x00000000       0xa2 ./Application/User/Startup/startup_stm32f407zgtx.o
