Archive member included to satisfy reference by file (symbol)

C:/STM32cubeIDE/install/STM32CubeIDE_1.19.0/STM32CubeIDE/plugins/com.st.stm32cube.ide.mcu.externaltools.gnu-tools-for-stm32.13.3.rel1.win32_1.0.0.202411081344/tools/bin/../lib/gcc/arm-none-eabi/13.3.1/../../../../arm-none-eabi/lib/thumb/v7e-m+fp/hard\libc_nano.a(libc_a-exit.o)
                              C:/STM32cubeIDE/install/STM32CubeIDE_1.19.0/STM32CubeIDE/plugins/com.st.stm32cube.ide.mcu.externaltools.gnu-tools-for-stm32.13.3.rel1.win32_1.0.0.202411081344/tools/bin/../lib/gcc/arm-none-eabi/13.3.1/../../../../arm-none-eabi/lib/thumb/v7e-m+fp/hard/crt0.o (exit)
C:/STM32cubeIDE/install/STM32CubeIDE_1.19.0/STM32CubeIDE/plugins/com.st.stm32cube.ide.mcu.externaltools.gnu-tools-for-stm32.13.3.rel1.win32_1.0.0.202411081344/tools/bin/../lib/gcc/arm-none-eabi/13.3.1/../../../../arm-none-eabi/lib/thumb/v7e-m+fp/hard\libc_nano.a(libc_a-findfp.o)
                              C:/STM32cubeIDE/install/STM32CubeIDE_1.19.0/STM32CubeIDE/plugins/com.st.stm32cube.ide.mcu.externaltools.gnu-tools-for-stm32.13.3.rel1.win32_1.0.0.202411081344/tools/bin/../lib/gcc/arm-none-eabi/13.3.1/../../../../arm-none-eabi/lib/thumb/v7e-m+fp/hard\libc_nano.a(libc_a-exit.o) (__stdio_exit_handler)
C:/STM32cubeIDE/install/STM32CubeIDE_1.19.0/STM32CubeIDE/plugins/com.st.stm32cube.ide.mcu.externaltools.gnu-tools-for-stm32.13.3.rel1.win32_1.0.0.202411081344/tools/bin/../lib/gcc/arm-none-eabi/13.3.1/../../../../arm-none-eabi/lib/thumb/v7e-m+fp/hard\libc_nano.a(libc_a-fwalk.o)
                              C:/STM32cubeIDE/install/STM32CubeIDE_1.19.0/STM32CubeIDE/plugins/com.st.stm32cube.ide.mcu.externaltools.gnu-tools-for-stm32.13.3.rel1.win32_1.0.0.202411081344/tools/bin/../lib/gcc/arm-none-eabi/13.3.1/../../../../arm-none-eabi/lib/thumb/v7e-m+fp/hard\libc_nano.a(libc_a-findfp.o) (_fwalk_sglue)
C:/STM32cubeIDE/install/STM32CubeIDE_1.19.0/STM32CubeIDE/plugins/com.st.stm32cube.ide.mcu.externaltools.gnu-tools-for-stm32.13.3.rel1.win32_1.0.0.202411081344/tools/bin/../lib/gcc/arm-none-eabi/13.3.1/../../../../arm-none-eabi/lib/thumb/v7e-m+fp/hard\libc_nano.a(libc_a-stdio.o)
                              C:/STM32cubeIDE/install/STM32CubeIDE_1.19.0/STM32CubeIDE/plugins/com.st.stm32cube.ide.mcu.externaltools.gnu-tools-for-stm32.13.3.rel1.win32_1.0.0.202411081344/tools/bin/../lib/gcc/arm-none-eabi/13.3.1/../../../../arm-none-eabi/lib/thumb/v7e-m+fp/hard\libc_nano.a(libc_a-findfp.o) (__sread)
C:/STM32cubeIDE/install/STM32CubeIDE_1.19.0/STM32CubeIDE/plugins/com.st.stm32cube.ide.mcu.externaltools.gnu-tools-for-stm32.13.3.rel1.win32_1.0.0.202411081344/tools/bin/../lib/gcc/arm-none-eabi/13.3.1/../../../../arm-none-eabi/lib/thumb/v7e-m+fp/hard\libc_nano.a(libc_a-memset.o)
                              C:/STM32cubeIDE/install/STM32CubeIDE_1.19.0/STM32CubeIDE/plugins/com.st.stm32cube.ide.mcu.externaltools.gnu-tools-for-stm32.13.3.rel1.win32_1.0.0.202411081344/tools/bin/../lib/gcc/arm-none-eabi/13.3.1/../../../../arm-none-eabi/lib/thumb/v7e-m+fp/hard/crt0.o (memset)
C:/STM32cubeIDE/install/STM32CubeIDE_1.19.0/STM32CubeIDE/plugins/com.st.stm32cube.ide.mcu.externaltools.gnu-tools-for-stm32.13.3.rel1.win32_1.0.0.202411081344/tools/bin/../lib/gcc/arm-none-eabi/13.3.1/../../../../arm-none-eabi/lib/thumb/v7e-m+fp/hard\libc_nano.a(libc_a-closer.o)
                              C:/STM32cubeIDE/install/STM32CubeIDE_1.19.0/STM32CubeIDE/plugins/com.st.stm32cube.ide.mcu.externaltools.gnu-tools-for-stm32.13.3.rel1.win32_1.0.0.202411081344/tools/bin/../lib/gcc/arm-none-eabi/13.3.1/../../../../arm-none-eabi/lib/thumb/v7e-m+fp/hard\libc_nano.a(libc_a-stdio.o) (_close_r)
C:/STM32cubeIDE/install/STM32CubeIDE_1.19.0/STM32CubeIDE/plugins/com.st.stm32cube.ide.mcu.externaltools.gnu-tools-for-stm32.13.3.rel1.win32_1.0.0.202411081344/tools/bin/../lib/gcc/arm-none-eabi/13.3.1/../../../../arm-none-eabi/lib/thumb/v7e-m+fp/hard\libc_nano.a(libc_a-reent.o)
                              C:/STM32cubeIDE/install/STM32CubeIDE_1.19.0/STM32CubeIDE/plugins/com.st.stm32cube.ide.mcu.externaltools.gnu-tools-for-stm32.13.3.rel1.win32_1.0.0.202411081344/tools/bin/../lib/gcc/arm-none-eabi/13.3.1/../../../../arm-none-eabi/lib/thumb/v7e-m+fp/hard\libc_nano.a(libc_a-closer.o) (errno)
C:/STM32cubeIDE/install/STM32CubeIDE_1.19.0/STM32CubeIDE/plugins/com.st.stm32cube.ide.mcu.externaltools.gnu-tools-for-stm32.13.3.rel1.win32_1.0.0.202411081344/tools/bin/../lib/gcc/arm-none-eabi/13.3.1/../../../../arm-none-eabi/lib/thumb/v7e-m+fp/hard\libc_nano.a(libc_a-impure.o)
                              C:/STM32cubeIDE/install/STM32CubeIDE_1.19.0/STM32CubeIDE/plugins/com.st.stm32cube.ide.mcu.externaltools.gnu-tools-for-stm32.13.3.rel1.win32_1.0.0.202411081344/tools/bin/../lib/gcc/arm-none-eabi/13.3.1/../../../../arm-none-eabi/lib/thumb/v7e-m+fp/hard\libc_nano.a(libc_a-reent.o) (_impure_ptr)
[...]
Memory Configuration

Name             Origin             Length             Attributes
CCMRAM           0x10000000         0x00010000         xrw
RAM              0x20000000         0x00020000         xrw
FLASH            0x08000000         0x00100000         xr
*default*        0x00000000         0xffffffff

Linker script and memory map

LOAD C:/STM32cubeIDE/install/STM32CubeIDE_1.19.0/STM32CubeIDE/plugins/com.st.stm32cube.ide.mcu.externaltools.gnu-tools-for-stm32.13.3.rel1.win32_1.0.0.202411081344/tools/bin/../lib/gcc/arm-none-eabi/13.3.1/thumb/v7e-m+fp/hard/crti.o
LOAD C:/STM32cubeIDE/install/STM32CubeIDE_1.19.0/STM32CubeIDE/plugins/com.st.stm32cube.ide.mcu.externaltools.gnu-tools-for-stm32.13.3.rel1.win32_1.0.0.202411081344/tools/bin/../lib/gcc/arm-none-eabi/13.3.1/thumb/v7e-m+fp/hard/crtbegin.o
LOAD C:/STM32cubeIDE/install/STM32CubeIDE_1.19.0/STM32CubeIDE/plugins/com.st.stm32cube.ide.mcu.externaltools.gnu-tools-for-stm32.13.3.rel1.win32_1.0.0.202411081344/tools/bin/../lib/gcc/arm-none-eabi/13.3.1/../../../../arm-none-eabi/lib/thumb/v7e-m+fp/hard/crt0.o
LOAD ./Application/User/Core/main.o
LOAD ./Application/User/Core/stm32f4xx_hal_msp.o
LOAD ./Application/User/Core/stm32f4xx_hal_timebase_tim.o
LOAD ./Application/User/Core/stm32f4xx_it.o
LOAD ./Application/User/Core/syscalls.o
LOAD ./Application/User/Core/sysmem.o
LOAD ./Application/User/Startup/startup_stm32f407zgtx.o
LOAD ./Drivers/CMSIS/system_stm32f4xx.o
LOAD ./Drivers/STM32F4xx_HAL_Driver/stm32f4xx_hal.o
LOAD ./Drivers/STM32F4xx_HAL_Driver/stm32f4xx_hal_cortex.o
LOAD ./Drivers/STM32F4xx_HAL_Driver/stm32f4xx_hal_dma.o
LOAD ./Drivers/STM32F4xx_HAL_Driver/stm32f4xx_hal_dma_ex.o
LOAD ./Drivers/STM32F4xx_HAL_Driver/stm32f4xx_hal_exti.o
LOAD ./Drivers/STM32F4xx_HAL_Driver/stm32f4xx_hal_flash.o
LOAD ./Drivers/STM32F4xx_HAL_Driver/stm32f4xx_hal_flash_ex.o
LOAD ./Drivers/STM32F4xx_HAL_Driver/stm32f4xx_hal_flash_ramfunc.o
LOAD ./Drivers/STM32F4xx_HAL_Driver/stm32f4xx_hal_gpio.o
LOAD ./Drivers/STM32F4xx_HAL_Driver/stm32f4xx_hal_pwr.o
LOAD ./Drivers/STM32F4xx_HAL_Driver/stm32f4xx_hal_pwr_ex.o
LOAD ./Drivers/STM32F4xx_HAL_Driver/stm32f4xx_hal_rcc.o
LOAD ./Drivers/STM32F4xx_HAL_Driver/stm32f4xx_hal_rcc_ex.o
LOAD ./Drivers/STM32F4xx_HAL_Driver/stm32f4xx_hal_tim.o
LOAD ./Drivers/STM32F4xx_HAL_Driver/stm32f4xx_hal_tim_ex.o
LOAD ./Drivers/STM32F4xx_HAL_Driver/stm32f4xx_ll_dma.o
LOAD ./Drivers/STM32F4xx_HAL_Driver/stm32f4xx_ll_exti.o
LOAD ./Drivers/STM32F4xx_HAL_Driver/stm32f4xx_ll_gpio.o
LOAD ./Drivers/STM32F4xx_HAL_Driver/stm32f4xx_ll_rcc.o
LOAD ./Drivers/STM32F4xx_HAL_Driver/stm32f4xx_ll_usart.o
LOAD ./Drivers/STM32F4xx_HAL_Driver/stm32f4xx_ll_utils.o
START GROUP
LOAD C:/STM32cubeIDE/install/STM32CubeIDE_1.19.0/STM32CubeIDE/plugins/com.st.stm32cube.ide.mcu.externaltools.gnu-tools-for-stm32.13.3.rel1.win32_1.0.0.202411081344/tools/bin/../lib/gcc/arm-none-eabi/13.3.1/../../../../arm-none-eabi/lib/thumb/v7e-m+fp/hard\libc_nano.a
LOAD C:/STM32cubeIDE/install/STM32CubeIDE_1.19.0/STM32CubeIDE/plugins/com.st.stm32cube.ide.mcu.externaltools.gnu-tools-for-stm32.13.3.rel1.win32_1.0.0.202411081344/tools/bin/../lib/gcc/arm-none-eabi/13.3.1/../../../../arm-none-eabi/lib/thumb/v7e-m+fp/hard\libm.a
END GROUP
START GROUP
LOAD C:/STM32cubeIDE/install/STM32CubeIDE_1.19.0/STM32CubeIDE/plugins/com.st.stm32cube.ide.mcu.externaltools.gnu-tools-for-stm32.13.3.rel1.win32_1.0.0.202411081344/tools/bin/../lib/gcc/arm-none-eabi/13.3.1/thumb/v7e-m+fp/hard\libgcc.a
LOAD C:/STM32cubeIDE/install/STM32CubeIDE_1.19.0/STM32CubeIDE/plugins/com.st.stm32cube.ide.mcu.externaltools.gnu-tools-for-stm32.13.3.rel1.win32_1.0.0.202411081344/tools/bin/../lib/gcc/arm-none-eabi/13.3.1/../../../../arm-none-eabi/lib/thumb/v7e-m+fp/hard\libc_nano.a
END GROUP
START GROUP
LOAD C:/STM32cubeIDE/install/STM32CubeIDE_1.19.0/STM32CubeIDE/plugins/com.st.stm32cube.ide.mcu.externaltools.gnu-tools-for-stm32.13.3.rel1.win32_1.0.0.202411081344/tools/bin/../lib/gcc/arm-none-eabi/13.3.1/thumb/v7e-m+fp/hard\libgcc.a
LOAD C:/STM32cubeIDE/install/STM32CubeIDE_1.19.0/STM32CubeIDE/plugins/com.st.stm32cube.ide.mcu.externaltools.gnu-tools-for-stm32.13.3.rel1.win32_1.0.0.202411081344/tools/bin/../lib/gcc/arm-none-eabi/13.3.1/../../../../arm-none-eabi/lib/thumb/v7e-m+fp/hard\libc_nano.a
LOAD C:/STM32cubeIDE/install/STM32CubeIDE_1.19.0/STM32CubeIDE/plugins/com.st.stm32cube.ide.mcu.externaltools.gnu-tools-for-stm32.13.3.rel1.win32_1.0.0.202411081344/tools/bin/../lib/gcc/arm-none-eabi/13.3.1/../../../../arm-none-eabi/lib/thumb/v7e-m+fp/hard\libnosys.a
END GROUP
START GROUP
LOAD C:/STM32cubeIDE/install/STM32CubeIDE_1.19.0/STM32CubeIDE/plugins/com.st.stm32cube.ide.mcu.externaltools.gnu-tools-for-stm32.13.3.rel1.win32_1.0.0.202411081344/tools/bin/../lib/gcc/arm-none-eabi/13.3.1/thumb/v7e-m+fp/hard\libgcc.a
LOAD C:/STM32cubeIDE/install/STM32CubeIDE_1.19.0/STM32CubeIDE/plugins/com.st.stm32cube.ide.mcu.externaltools.gnu-tools-for-stm32.13.3.rel1.win32_1.0.0.202411081344/tools/bin/../lib/gcc/arm-none-eabi/13.3.1/../../../../arm-none-eabi/lib/thumb/v7e-m+fp/hard\libc_nano.a
LOAD C:/STM32cubeIDE/install/STM32CubeIDE_1.19.0/STM32CubeIDE/plugins/com.st.stm32cube.ide.mcu.externaltools.gnu-tools-for-stm32.13.3.rel1.win32_1.0.0.202411081344/tools/bin/../lib/gcc/arm-none-eabi/13.3.1/../../../../arm-none-eabi/lib/thumb/v7e-m+fp/hard\libnosys.a
END GROUP
LOAD C:/STM32cubeIDE/install/STM32CubeIDE_1.19.0/STM32CubeIDE/plugins/com.st.stm32cube.ide.mcu.externaltools.gnu-tools-for-stm32.13.3.rel1.win32_1.0.0.202411081344/tools/bin/../lib/gcc/arm-none-eabi/13.3.1/thumb/v7e-m+fp/hard/crtend.o
LOAD C:/STM32cubeIDE/install/STM32CubeIDE_1.19.0/STM32CubeIDE/plugins/com.st.stm32cube.ide.mcu.externaltools.gnu-tools-for-stm32.13.3.rel1.win32_1.0.0.202411081344/tools/bin/../lib/gcc/arm-none-eabi/13.3.1/thumb/v7e-m+fp/hard/crtn.o
                0x20020000                        _estack = (ORIGIN (RAM) + LENGTH (RAM))
                0x00000200                        _Min_Heap_Size = 0x200
                0x00000400                        _Min_Stack_Size = 0x400

.isr_vector     0x08000000      0x188
                0x08000000                        . = ALIGN (0x4)
 *(.isr_vector)
 .isr_vector    0x08000000      0x188 ./Application/User/Startup/startup_stm32f407zgtx.o
                0x08000000                g_pfnVectors
                0x08000188                        . = ALIGN (0x4)

.text           0x08000188      0x498
                0x08000188                        . = ALIGN (0x4)
 *(.text)
 .text          0x08000188       0x40 C:/STM32cubeIDE/install/STM32CubeIDE_1.19.0/STM32CubeIDE/plugins/com.st.stm32cube.ide.mcu.externaltools.gnu-tools-for-stm32.13.3.rel1.win32_1.0.0.202411081344/tools/bin/../lib/gcc/arm-none-eabi/13.3.1/thumb/v7e-m+fp/hard/crtbegin.o
 *(.text*)
 .text.HAL_TIM_PeriodElapsedCallback
                0x080001c8       0x24 ./Application/User/Core/main.o
                0x080001c8                HAL_TIM_PeriodElapsedCallback
 .text.NMI_Handler
                0x080001ec        0x8 ./Application/User/Core/stm32f4xx_it.o
                0x080001ec                NMI_Handler
 .text.HardFault_Handler
                0x080001f4        0x8 ./Application/User/Core/stm32f4xx_it.o
                0x080001f4                HardFault_Handler
 .text.MemManage_Handler
                0x080001fc        0x8 ./Application/User/Core/stm32f4xx_it.o
                0x080001fc                MemManage_Handler
 .text.BusFault_Handler
                0x08000204        0x8 ./Application/User/Core/stm32f4xx_it.o
                0x08000204                BusFault_Handler
 .text.UsageFault_Handler
                0x0800020c        0x8 ./Application/User/Core/stm32f4xx_it.o
                0x0800020c                UsageFault_Handler
 .text.SVC_Handler
                0x08000214        0xe ./Application/User/Core/stm32f4xx_it.o
                0x08000214                SVC_Handler
 .text.DebugMon_Handler
                0x08000222        0xe ./Application/User/Core/stm32f4xx_it.o
                0x08000222                DebugMon_Handler
 .text.PendSV_Handler
                0x08000230        0xe ./Application/User/Core/stm32f4xx_it.o
                0x08000230                PendSV_Handler
 .text.SysTick_Handler
                0x0800023e        0xe ./Application/User/Core/stm32f4xx_it.o
                0x0800023e                SysTick_Handler
 .text.DMA1_Stream1_IRQHandler
                0x0800024c        0xe ./Application/User/Core/stm32f4xx_it.o
                0x0800024c                DMA1_Stream1_IRQHandler
 .text.DMA1_Stream3_IRQHandler
                0x0800025a        0xe ./Application/User/Core/stm32f4xx_it.o
                0x0800025a                DMA1_Stream3_IRQHandler
 .text.TIM8_TRG_COM_TIM14_IRQHandler
                0x08000268       0x14 ./Application/User/Core/stm32f4xx_it.o
                0x08000268                TIM8_TRG_COM_TIM14_IRQHandler
 .text.DMA2_Stream2_IRQHandler
                0x0800027c        0xe ./Application/User/Core/stm32f4xx_it.o
                0x0800027c                DMA2_Stream2_IRQHandler
 .text.DMA2_Stream7_IRQHandler
                0x0800028a        0xe ./Application/User/Core/stm32f4xx_it.o
                0x0800028a                DMA2_Stream7_IRQHandler
 .text.Reset_Handler
                0x08000298       0x50 ./Application/User/Startup/startup_stm32f407zgtx.o
                0x08000298                Reset_Handler
 .text.Default_Handler
                0x080002e8        0x2 ./Application/User/Startup/startup_stm32f407zgtx.o
                0x080002e8                RTC_Alarm_IRQHandler
                0x080002e8                HASH_RNG_IRQHandler
                0x080002e8                EXTI2_IRQHandler
                0x080002e8                TIM8_CC_IRQHandler
                0x080002e8                TIM1_CC_IRQHandler
                0x080002e8                DMA2_Stream5_IRQHandler
                0x080002e8                DMA1_Stream5_IRQHandler
                0x080002e8                PVD_IRQHandler
                0x080002e8                SDIO_IRQHandler
                0x080002e8                TAMP_STAMP_IRQHandler
                0x080002e8                CAN2_RX1_IRQHandler
                0x080002e8                EXTI3_IRQHandler
                0x080002e8                TIM1_UP_TIM10_IRQHandler
                0x080002e8                TIM8_UP_TIM13_IRQHandler
                0x080002e8                I2C3_ER_IRQHandler
                0x080002e8                EXTI0_IRQHandler
                0x080002e8                I2C2_EV_IRQHandler
                0x080002e8                DMA1_Stream2_IRQHandler
                0x080002e8                CAN1_RX0_IRQHandler
                0x080002e8                FPU_IRQHandler
                0x080002e8                OTG_HS_WKUP_IRQHandler
                0x080002e8                CAN2_SCE_IRQHandler
                0x080002e8                SPI1_IRQHandler
                0x080002e8                TIM6_DAC_IRQHandler
                0x080002e8                TIM1_BRK_TIM9_IRQHandler
                0x080002e8                DCMI_IRQHandler
                0x080002e8                CAN2_RX0_IRQHandler
                0x080002e8                DMA2_Stream3_IRQHandler
                0x080002e8                USART6_IRQHandler
                0x080002e8                USART3_IRQHandler
                0x080002e8                CAN1_RX1_IRQHandler
                0x080002e8                UART5_IRQHandler
                0x080002e8                DMA2_Stream0_IRQHandler
                0x080002e8                TIM4_IRQHandler
                0x080002e8                I2C1_EV_IRQHandler
                0x080002e8                DMA1_Stream6_IRQHandler
                0x080002e8                UART4_IRQHandler
                0x080002e8                TIM3_IRQHandler
                0x080002e8                RCC_IRQHandler
                0x080002e8                TIM8_BRK_TIM12_IRQHandler
                0x080002e8                Default_Handler
                0x080002e8                EXTI15_10_IRQHandler
                0x080002e8                ADC_IRQHandler
                0x080002e8                DMA1_Stream7_IRQHandler
                0x080002e8                TIM7_IRQHandler
                0x080002e8                CAN2_TX_IRQHandler
                0x080002e8                TIM5_IRQHandler
                0x080002e8                I2C3_EV_IRQHandler
                0x080002e8                EXTI9_5_IRQHandler
                0x080002e8                RTC_WKUP_IRQHandler
                0x080002e8                ETH_WKUP_IRQHandler
                0x080002e8                SPI2_IRQHandler
                0x080002e8                OTG_HS_EP1_IN_IRQHandler
                0x080002e8                DMA1_Stream0_IRQHandler
                0x080002e8                CAN1_TX_IRQHandler
                0x080002e8                EXTI4_IRQHandler
                0x080002e8                FSMC_IRQHandler
                0x080002e8                ETH_IRQHandler
                0x080002e8                OTG_HS_EP1_OUT_IRQHandler
                0x080002e8                WWDG_IRQHandler
                0x080002e8                TIM2_IRQHandler
                0x080002e8                OTG_FS_WKUP_IRQHandler
                0x080002e8                TIM1_TRG_COM_TIM11_IRQHandler
                0x080002e8                OTG_HS_IRQHandler
                0x080002e8                EXTI1_IRQHandler
                0x080002e8                USART2_IRQHandler
                0x080002e8                I2C2_ER_IRQHandler
                0x080002e8                DMA2_Stream1_IRQHandler
                0x080002e8                CAN1_SCE_IRQHandler
                0x080002e8                FLASH_IRQHandler
                0x080002e8                DMA2_Stream4_IRQHandler
                0x080002e8                USART1_IRQHandler
                0x080002e8                OTG_FS_IRQHandler
                0x080002e8                SPI3_IRQHandler
                0x080002e8                DMA1_Stream4_IRQHandler
                0x080002e8                I2C1_ER_IRQHandler
                0x080002e8                DMA2_Stream6_IRQHandler
 *fill*         0x080002ea        0x2 
 .text.SystemInit
                0x080002ec       0x24 ./Drivers/CMSIS/system_stm32f4xx.o
                0x080002ec                SystemInit
 .text.HAL_IncTick
                0x08000310       0x28 ./Drivers/STM32F4xx_HAL_Driver/stm32f4xx_hal.o
                0x08000310                HAL_IncTick
 .text.HAL_TIM_IRQHandler
                0x08000338      0x210 ./Drivers/STM32F4xx_HAL_Driver/stm32f4xx_hal_tim.o
                0x08000338                HAL_TIM_IRQHandler
 .text.HAL_TIM_OC_DelayElapsedCallback
                0x08000548       0x14 ./Drivers/STM32F4xx_HAL_Driver/stm32f4xx_hal_tim.o
                0x08000548                HAL_TIM_OC_DelayElapsedCallback
 .text.HAL_TIM_IC_CaptureCallback
                0x0800055c       0x14 ./Drivers/STM32F4xx_HAL_Driver/stm32f4xx_hal_tim.o
                0x0800055c                HAL_TIM_IC_CaptureCallback
 .text.HAL_TIM_PWM_PulseFinishedCallback
                0x08000570       0x14 ./Drivers/STM32F4xx_HAL_Driver/stm32f4xx_hal_tim.o
                0x08000570                HAL_TIM_PWM_PulseFinishedCallback
 .text.HAL_TIM_TriggerCallback
                0x08000584       0x14 ./Drivers/STM32F4xx_HAL_Driver/stm32f4xx_hal_tim.o
                0x08000584                HAL_TIM_TriggerCallback
 .text.HAL_TIMEx_CommutCallback
                0x08000598       0x14 ./Drivers/STM32F4xx_HAL_Driver/stm32f4xx_hal_tim_ex.o
                0x08000598                HAL_TIMEx_CommutCallback
 .text.HAL_TIMEx_BreakCallback
                0x080005ac       0x14 ./Drivers/STM32F4xx_HAL_Driver/stm32f4xx_hal_tim_ex.o
                0x080005ac                HAL_TIMEx_BreakCallback
 .text.__libc_init_array
                0x080005c0       0x48 C:/STM32cubeIDE/install/STM32CubeIDE_1.19.0/STM32CubeIDE/plugins/com.st.stm32cube.ide.mcu.externaltools.gnu-tools-for-stm32.13.3.rel1.win32_1.0.0.202411081344/tools/bin/../lib/gcc/arm-none-eabi/13.3.1/../../../../arm-none-eabi/lib/thumb/v7e-m+fp/hard\libc_nano.a(libc_a-init.o)
                0x080005c0                __libc_init_array
 *(.glue_7)
 .glue_7        0x08000608        0x0 linker stubs
 *(.glue_7t)
 .glue_7t       0x08000608        0x0 linker stubs
 *(.eh_frame)
 .eh_frame      0x08000608        0x0 C:/STM32cubeIDE/install/STM32CubeIDE_1.19.0/STM32CubeIDE/plugins/com.st.stm32cube.ide.mcu.externaltools.gnu-tools-for-stm32.13.3.rel1.win32_1.0.0.202411081344/tools/bin/../lib/gcc/arm-none-eabi/13.3.1/thumb/v7e-m+fp/hard/crtbegin.o
 *(.init)
 .init          0x08000608        0x4 C:/STM32cubeIDE/install/STM32CubeIDE_1.19.0/STM32CubeIDE/plugins/com.st.stm32cube.ide.mcu.externaltools.gnu-tools-for-stm32.13.3.rel1.win32_1.0.0.202411081344/tools/bin/../lib/gcc/arm-none-eabi/13.3.1/thumb/v7e-m+fp/hard/crti.o
                0x08000608                _init
 .init          0x0800060c        0x8 C:/STM32cubeIDE/install/STM32CubeIDE_1.19.0/STM32CubeIDE/plugins/com.st.stm32cube.ide.mcu.externaltools.gnu-tools-for-stm32.13.3.rel1.win32_1.0.0.202411081344/tools/bin/../lib/gcc/arm-none-eabi/13.3.1/thumb/v7e-m+fp/hard/crtn.o
 *(.fini)
 .fini          0x08000614        0x4 C:/STM32cubeIDE/install/STM32CubeIDE_1.19.0/STM32CubeIDE/plugins/com.st.stm32cube.ide.mcu.externaltools.gnu-tools-for-stm32.13.3.rel1.win32_1.0.0.202411081344/tools/bin/../lib/gcc/arm-none-eabi/13.3.1/thumb/v7e-m+fp/hard/crti.o
                0x08000614                _fini
 .fini          0x08000618        0x8 C:/STM32cubeIDE/install/STM32CubeIDE_1.19.0/STM32CubeIDE/plugins/com.st.stm32cube.ide.mcu.externaltools.gnu-tools-for-stm32.13.3.rel1.win32_1.0.0.202411081344/tools/bin/../lib/gcc/arm-none-eabi/13.3.1/thumb/v7e-m+fp/hard/crtn.o
                0x08000620                        . = ALIGN (0x4)
                0x08000620                        _etext = .

.vfp11_veneer   0x08000620        0x0
 .vfp11_veneer  0x08000620        0x0 linker stubs

.v4_bx          0x08000620        0x0
 .v4_bx         0x08000620        0x0 linker stubs

.iplt           0x08000620        0x0
 .iplt          0x08000620        0x0 C:/STM32cubeIDE/install/STM32CubeIDE_1.19.0/STM32CubeIDE/plugins/com.st.stm32cube.ide.mcu.externaltools.gnu-tools-for-stm32.13.3.rel1.win32_1.0.0.202411081344/tools/bin/../lib/gcc/arm-none-eabi/13.3.1/thumb/v7e-m+fp/hard/crtbegin.o

.rodata         0x08000620        0x0
                0x08000620                        . = ALIGN (0x4)
 *(.rodata)
 *(.rodata*)
                0x08000620                        . = ALIGN (0x4)

.ARM.extab      0x08000620        0x0
                0x08000620                        . = ALIGN (0x4)
 *(.ARM.extab* .gnu.linkonce.armextab.*)
                0x08000620                        . = ALIGN (0x4)

.ARM            0x08000620        0x0
                0x08000620                        . = ALIGN (0x4)
                0x08000620                        __exidx_start = .
 *(.ARM.exidx*)
                0x08000620                        __exidx_end = .
                0x08000620                        . = ALIGN (0x4)

.preinit_array  0x08000620        0x0
                0x08000620                        . = ALIGN (0x4)
                0x08000620                        PROVIDE (__preinit_array_start = .)
 *(.preinit_array*)
                0x08000620                        PROVIDE (__preinit_array_end = .)
                0x08000620                        . = ALIGN (0x4)

.init_array     0x08000620        0x4
                0x08000620                        . = ALIGN (0x4)
                0x08000620                        PROVIDE (__init_array_start = .)
 *(SORT_BY_NAME(.init_array.*))
 *(.init_array*)
 .init_array    0x08000620        0x4 C:/STM32cubeIDE/install/STM32CubeIDE_1.19.0/STM32CubeIDE/plugins/com.st.stm32cube.ide.mcu.externaltools.gnu-tools-for-stm32.13.3.rel1.win32_1.0.0.202411081344/tools/bin/../lib/gcc/arm-none-eabi/13.3.1/thumb/v7e-m+fp/hard/crtbegin.o
                0x08000624                        PROVIDE (__init_array_end = .)
                0x08000624                        . = ALIGN (0x4)

.fini_array     0x08000624        0x4
                0x08000624                        . = ALIGN (0x4)
                [!provide]                        PROVIDE (__fini_array_start = .)
 *(SORT_BY_NAME(.fini_array.*))
 *(.fini_array*)
 .fini_array    0x08000624        0x4 C:/STM32cubeIDE/install/STM32CubeIDE_1.19.0/STM32CubeIDE/plugins/com.st.stm32cube.ide.mcu.externaltools.gnu-tools-for-stm32.13.3.rel1.win32_1.0.0.202411081344/tools/bin/../lib/gcc/arm-none-eabi/13.3.1/thumb/v7e-m+fp/hard/crtbegin.o
                [!provide]                        PROVIDE (__fini_array_end = .)
                0x08000628                        . = ALIGN (0x4)
                0x08000628                        _sidata = LOADADDR (.data)

.rel.dyn        0x08000628        0x0
 .rel.iplt      0x08000628        0x0 C:/STM32cubeIDE/install/STM32CubeIDE_1.19.0/STM32CubeIDE/plugins/com.st.stm32cube.ide.mcu.externaltools.gnu-tools-for-stm32.13.3.rel1.win32_1.0.0.202411081344/tools/bin/../lib/gcc/arm-none-eabi/13.3.1/thumb/v7e-m+fp/hard/crtbegin.o

.data           0x20000000        0x4 load address 0x08000628
                0x20000000                        . = ALIGN (0x4)
                0x20000000                        _sdata = .
 *(.data)
 *(.data*)
 .data.uwTickFreq
                0x20000000        0x1 ./Drivers/STM32F4xx_HAL_Driver/stm32f4xx_hal.o
                0x20000000                uwTickFreq
 *(.RamFunc)
 *(.RamFunc*)
                0x20000004                        . = ALIGN (0x4)
 *fill*         0x20000001        0x3 
                0x20000004                        _edata = .
                0x0800062c                        _siccmram = LOADADDR (.ccmram)

.igot.plt       0x20000004        0x0 load address 0x0800062c
 .igot.plt      0x20000004        0x0 C:/STM32cubeIDE/install/STM32CubeIDE_1.19.0/STM32CubeIDE/plugins/com.st.stm32cube.ide.mcu.externaltools.gnu-tools-for-stm32.13.3.rel1.win32_1.0.0.202411081344/tools/bin/../lib/gcc/arm-none-eabi/13.3.1/thumb/v7e-m+fp/hard/crtbegin.o

.ccmram         0x10000000        0x0 load address 0x0800062c
                0x10000000                        . = ALIGN (0x4)
                0x10000000                        _sccmram = .
 *(.ccmram)
 *(.ccmram*)
                0x10000000                        . = ALIGN (0x4)
                0x10000000                        _eccmram = .
                0x10000000                        . = ALIGN (0x4)

.bss            0x20000004       0x68
                0x20000004                        _sbss = .
                0x20000004                        __bss_start__ = _sbss
 *(.bss)
 .bss           0x20000004       0x1c C:/STM32cubeIDE/install/STM32CubeIDE_1.19.0/STM32CubeIDE/plugins/com.st.stm32cube.ide.mcu.externaltools.gnu-tools-for-stm32.13.3.rel1.win32_1.0.0.202411081344/tools/bin/../lib/gcc/arm-none-eabi/13.3.1/thumb/v7e-m+fp/hard/crtbegin.o
 *(.bss*)
 .bss.htim14    0x20000020       0x48 ./Application/User/Core/stm32f4xx_hal_timebase_tim.o
                0x20000020                htim14
 .bss.uwTick    0x20000068        0x4 ./Drivers/STM32F4xx_HAL_Driver/stm32f4xx_hal.o
                0x20000068                uwTick
 *(COMMON)
                0x2000006c                        . = ALIGN (0x4)
                0x2000006c                        _ebss = .
                0x2000006c                        __bss_end__ = _ebss

._user_heap_stack
                0x2000006c      0x604
                0x20000070                        . = ALIGN (0x8)
 *fill*         0x2000006c        0x4 
                [!provide]                        PROVIDE (end = .)
                0x20000070                        PROVIDE (_end = .)
                0x20000270                        . = (. + _Min_Heap_Size)
 *fill*         0x20000070      0x200 
                0x20000670                        . = (. + _Min_Stack_Size)
 *fill*         0x20000270      0x400 
                0x20000670                        . = ALIGN (0x8)

/DISCARD/
 libc.a(*)
 libm.a(*)
 libgcc.a(*)

.ARM.attributes
                0x00000000       0x30
 *(.ARM.attributes)
 .ARM.attributes
                0x00000000       0x22 C:/STM32cubeIDE/install/STM32CubeIDE_1.19.0/STM32CubeIDE/plugins/com.st.stm32cube.ide.mcu.externaltools.gnu-tools-for-stm32.13.3.rel1.win32_1.0.0.202411081344/tools/bin/../lib/gcc/arm-none-eabi/13.3.1/thumb/v7e-m+fp/hard/crti.o
 .ARM.attributes
                0x00000022       0x34 C:/STM32cubeIDE/install/STM32CubeIDE_1.19.0/STM32CubeIDE/plugins/com.st.stm32cube.ide.mcu.externaltools.gnu-tools-for-stm32.13.3.rel1.win32_1.0.0.202411081344/tools/bin/../lib/gcc/arm-none-eabi/13.3.1/thumb/v7e-m+fp/hard/crtbegin.o
 .ARM.attributes
                0x00000056       0x34 ./Application/User/Core/main.o
 .ARM.attributes
                0x0000008a       0x34 ./Application/User/Core/stm32f4xx_hal_timebase_tim.o
 .ARM.attributes
                0x000000be       0x34 ./Application/User/Core/stm32f4xx_it.o
 .ARM.attributes
                0x000000f2       0x21 ./Application/User/Startup/startup_stm32f407zgtx.o
 .ARM.attributes
                0x00000113       0x34 ./Drivers/CMSIS/system_stm32f4xx.o
 .ARM.attributes
                0x00000147       0x34 ./Drivers/STM32F4xx_HAL_Driver/stm32f4xx_hal.o
 .ARM.attributes
                0x0000017b       0x34 ./Drivers/STM32F4xx_HAL_Driver/stm32f4xx_hal_tim.o
 .ARM.attributes
                0x000001af       0x34 ./Drivers/STM32F4xx_HAL_Driver/stm32f4xx_hal_tim_ex.o
 .ARM.attributes
                0x000001e3       0x34 C:/STM32cubeIDE/install/STM32CubeIDE_1.19.0/STM32CubeIDE/plugins/com.st.stm32cube.ide.mcu.externaltools.gnu-tools-for-stm32.13.3.rel1.win32_1.0.0.202411081344/tools/bin/../lib/gcc/arm-none-eabi/13.3.1/../../../../arm-none-eabi/lib/thumb/v7e-m+fp/hard\libc_nano.a(libc_a-init.o)
 .ARM.attributes
                0x00000217       0x22 C:/STM32cubeIDE/install/STM32CubeIDE_1.19.0/STM32CubeIDE/plugins/com.st.stm32cube.ide.mcu.externaltools.gnu-tools-for-stm32.13.3.rel1.win32_1.0.0.202411081344/tools/bin/../lib/gcc/arm-none-eabi/13.3.1/thumb/v7e-m+fp/hard/crtn.o
OUTPUT(Look20250928.elf elf32-littlearm)
LOAD linker stubs
LOAD C:/STM32cubeIDE/install/STM32CubeIDE_1.19.0/STM32CubeIDE/plugins/com.st.stm32cube.ide.mcu.externaltools.gnu-tools-for-stm32.13.3.rel1.win32_1.0.0.202411081344/tools/bin/../lib/gcc/arm-none-eabi/13.3.1/../../../../arm-none-eabi/lib/thumb/v7e-m+fp/hard\libc.a
LOAD C:/STM32cubeIDE/install/STM32CubeIDE_1.19.0/STM32CubeIDE/plugins/com.st.stm32cube.ide.mcu.externaltools.gnu-tools-for-stm32.13.3.rel1.win32_1.0.0.202411081344/tools/bin/../lib/gcc/arm-none-eabi/13.3.1/../../../../arm-none-eabi/lib/thumb/v7e-m+fp/hard\libm.a
LOAD C:/STM32cubeIDE/install/STM32CubeIDE_1.19.0/STM32CubeIDE/plugins/com.st.stm32cube.ide.mcu.externaltools.gnu-tools-for-stm32.13.3.rel1.win32_1.0.0.202411081344/tools/bin/../lib/gcc/arm-none-eabi/13.3.1/thumb/v7e-m+fp/hard\libgcc.a

.debug_info     0x00000000     0x7875
 .debug_info    0x00000000     0x18a4 ./Application/User/Core/main.o
 .debug_info    0x000018a4      0xbee ./Application/User/Core/stm32f4xx_hal_timebase_tim.o
 .debug_info    0x00002492      0x762 ./Application/User/Core/stm32f4xx_it.o
 .debug_info    0x00002bf4       0x30 ./Application/User/Startup/startup_stm32f407zgtx.o
 .debug_info    0x00002c24      0x512 ./Drivers/CMSIS/system_stm32f4xx.o
 .debug_info    0x00003136      0x948 ./Drivers/STM32F4xx_HAL_Driver/stm32f4xx_hal.o
 .debug_info    0x00003a7e     0x2949 ./Drivers/STM32F4xx_HAL_Driver/stm32f4xx_hal_tim.o
 .debug_info    0x000063c7     0x14ae ./Drivers/STM32F4xx_HAL_Driver/stm32f4xx_hal_tim_ex.o

.debug_abbrev   0x00000000      0xef5
 .debug_abbrev  0x00000000      0x315 ./Application/User/Core/main.o
 .debug_abbrev  0x00000315      0x1f4 ./Application/User/Core/stm32f4xx_hal_timebase_tim.o
 .debug_abbrev  0x00000509      0x1ae ./Application/User/Core/stm32f4xx_it.o
 .debug_abbrev  0x000006b7       0x24 ./Application/User/Startup/startup_stm32f407zgtx.o
 .debug_abbrev  0x000006db      0x11a ./Drivers/CMSIS/system_stm32f4xx.o
 .debug_abbrev  0x000007f5      0x213 ./Drivers/STM32F4xx_HAL_Driver/stm32f4xx_hal.o
 .debug_abbrev  0x00000a08      0x271 ./Drivers/STM32F4xx_HAL_Driver/stm32f4xx_hal_tim.o
 .debug_abbrev  0x00000c79      0x27c ./Drivers/STM32F4xx_HAL_Driver/stm32f4xx_hal_tim_ex.o

.debug_aranges  0x00000000      0x890
 .debug_aranges
                0x00000000      0x160 ./Application/User/Core/main.o
 .debug_aranges
                0x00000160       0x30 ./Application/User/Core/stm32f4xx_hal_timebase_tim.o
 .debug_aranges
                0x00000190       0x88 ./Application/User/Core/stm32f4xx_it.o
 .debug_aranges
                0x00000218       0x28 ./Application/User/Startup/startup_stm32f407zgtx.o
 .debug_aranges
                0x00000240       0x28 ./Drivers/CMSIS/system_stm32f4xx.o
 .debug_aranges
                0x00000268       0xf0 ./Drivers/STM32F4xx_HAL_Driver/stm32f4xx_hal.o
 .debug_aranges
                0x00000358      0x3d0 ./Drivers/STM32F4xx_HAL_Driver/stm32f4xx_hal_tim.o
 .debug_aranges
                0x00000728      0x168 ./Drivers/STM32F4xx_HAL_Driver/stm32f4xx_hal_tim_ex.o

.debug_rnglists
                0x00000000      0x6a9
 .debug_rnglists
                0x00000000      0x107 ./Application/User/Core/main.o
 .debug_rnglists
                0x00000107       0x20 ./Application/User/Core/stm32f4xx_hal_timebase_tim.o
 .debug_rnglists
                0x00000127       0x61 ./Application/User/Core/stm32f4xx_it.o
 .debug_rnglists
                0x00000188       0x19 ./Application/User/Startup/startup_stm32f407zgtx.o
 .debug_rnglists
                0x000001a1       0x1a ./Drivers/CMSIS/system_stm32f4xx.o
 .debug_rnglists
                0x000001bb       0xaf ./Drivers/STM32F4xx_HAL_Driver/stm32f4xx_hal.o
 .debug_rnglists
                0x0000026a      0x31a ./Drivers/STM32F4xx_HAL_Driver/stm32f4xx_hal_tim.o
 .debug_rnglists
                0x00000584      0x125 ./Drivers/STM32F4xx_HAL_Driver/stm32f4xx_hal_tim_ex.o

.debug_macro    0x00000000    0x209dc
 .debug_macro   0x00000000      0x228 ./Application/User/Core/main.o
 .debug_macro   0x00000228      0xade ./Application/User/Core/main.o
 .debug_macro   0x00000d06      0x295 ./Application/User/Core/main.o
 .debug_macro   0x00000f9b       0x2e ./Application/User/Core/main.o
 .debug_macro   0x00000fc9       0x2f ./Application/User/Core/main.o
 .debug_macro   0x00000ff8       0x22 ./Application/User/Core/main.o
 .debug_macro   0x0000101a       0x8e ./Application/User/Core/main.o
 .debug_macro   0x000010a8       0x51 ./Application/User/Core/main.o
 .debug_macro   0x000010f9      0x103 ./Application/User/Core/main.o
 .debug_macro   0x000011fc       0x6a ./Application/User/Core/main.o
 .debug_macro   0x00001266      0x1df ./Application/User/Core/main.o
 .debug_macro   0x00001445       0x1c ./Application/User/Core/main.o
 .debug_macro   0x00001461       0x22 ./Application/User/Core/main.o
 .debug_macro   0x00001483       0xd9 ./Application/User/Core/main.o
 .debug_macro   0x0000155c     0x102d ./Application/User/Core/main.o
 .debug_macro   0x00002589      0x11f ./Application/User/Core/main.o
 .debug_macro   0x000026a8    0x15e58 ./Application/User/Core/main.o
 .debug_macro   0x00018500       0x6d ./Application/User/Core/main.o
 .debug_macro   0x0001856d     0x3666 ./Application/User/Core/main.o
 .debug_macro   0x0001bbd3      0x190 ./Application/User/Core/main.o
 .debug_macro   0x0001bd63       0x5c ./Application/User/Core/main.o
 .debug_macro   0x0001bdbf      0x96b ./Application/User/Core/main.o
 .debug_macro   0x0001c72a      0x9fe ./Application/User/Core/main.o
 .debug_macro   0x0001d128      0x116 ./Application/User/Core/main.o
 .debug_macro   0x0001d23e      0x13e ./Application/User/Core/main.o
 .debug_macro   0x0001d37c       0xa5 ./Application/User/Core/main.o
 .debug_macro   0x0001d421      0x174 ./Application/User/Core/main.o
 .debug_macro   0x0001d595      0x287 ./Application/User/Core/main.o
 .debug_macro   0x0001d81c       0x5f ./Application/User/Core/main.o
 .debug_macro   0x0001d87b      0x236 ./Application/User/Core/main.o
 .debug_macro   0x0001dab1      0x12c ./Application/User/Core/main.o
 .debug_macro   0x0001dbdd      0x21e ./Application/User/Core/main.o
 .debug_macro   0x0001ddfb       0x2e ./Application/User/Core/main.o
 .debug_macro   0x0001de29      0x11a ./Application/User/Core/main.o
 .debug_macro   0x0001df43       0x7e ./Application/User/Core/main.o
 .debug_macro   0x0001dfc1       0x89 ./Application/User/Core/main.o
 .debug_macro   0x0001e04a      0x8d1 ./Application/User/Core/main.o
 .debug_macro   0x0001e91b       0x47 ./Application/User/Core/main.o
 .debug_macro   0x0001e962      0x12d ./Application/User/Core/main.o
 .debug_macro   0x0001ea8f      0x1e6 ./Application/User/Core/main.o
 .debug_macro   0x0001ec75      0x781 ./Application/User/Core/main.o
 .debug_macro   0x0001f3f6      0x1d5 ./Application/User/Core/main.o
 .debug_macro   0x0001f5cb      0x20a ./Application/User/Core/main.o
 .debug_macro   0x0001f7d5       0xe8 ./Application/User/Core/main.o
 .debug_macro   0x0001f8bd      0x1a8 ./Application/User/Core/main.o
 .debug_macro   0x0001fa65       0x61 ./Application/User/Core/main.o
 .debug_macro   0x0001fac6       0xab ./Application/User/Core/main.o
 .debug_macro   0x0001fb71      0x1bb ./Application/User/Core/main.o
 .debug_macro   0x0001fd2c      0x149 ./Application/User/Core/main.o
 .debug_macro   0x0001fe75      0x1c4 ./Application/User/Core/stm32f4xx_hal_timebase_tim.o
 .debug_macro   0x00020039      0x232 ./Application/User/Core/stm32f4xx_it.o
 .debug_macro   0x0002026b      0x1c4 ./Drivers/CMSIS/system_stm32f4xx.o
 .debug_macro   0x0002042f      0x224 ./Drivers/STM32F4xx_HAL_Driver/stm32f4xx_hal.o
 .debug_macro   0x00020653      0x1c5 ./Drivers/STM32F4xx_HAL_Driver/stm32f4xx_hal_tim.o
 .debug_macro   0x00020818      0x1c4 ./Drivers/STM32F4xx_HAL_Driver/stm32f4xx_hal_tim_ex.o

.debug_line     0x00000000     0x88d8
 .debug_line    0x00000000      0xf16 ./Application/User/Core/main.o
 .debug_line    0x00000f16      0x8b3 ./Application/User/Core/stm32f4xx_hal_timebase_tim.o
 .debug_line    0x000017c9      0xa2b ./Application/User/Core/stm32f4xx_it.o
 .debug_line    0x000021f4       0x7a ./Application/User/Startup/startup_stm32f407zgtx.o
 .debug_line    0x0000226e      0x8ab ./Drivers/CMSIS/system_stm32f4xx.o
 .debug_line    0x00002b19      0xb27 ./Drivers/STM32F4xx_HAL_Driver/stm32f4xx_hal.o
 .debug_line    0x00003640     0x3810 ./Drivers/STM32F4xx_HAL_Driver/stm32f4xx_hal_tim.o
 .debug_line    0x00006e50     0x1a88 ./Drivers/STM32F4xx_HAL_Driver/stm32f4xx_hal_tim_ex.o

.debug_str      0x00000000    0xce246
 .debug_str     0x00000000    0xce246 ./Application/User/Core/main.o
                              0xcc9c6 (size before relaxing)
 .debug_str     0x000ce246    0xc25a6 ./Application/User/Core/stm32f4xx_hal_timebase_tim.o
 .debug_str     0x000ce246    0xcbe11 ./Application/User/Core/stm32f4xx_it.o
 .debug_str     0x000ce246       0xbb ./Application/User/Startup/startup_stm32f407zgtx.o
 .debug_str     0x000ce246    0xc1aae ./Drivers/CMSIS/system_stm32f4xx.o
 .debug_str     0x000ce246    0xc2632 ./Drivers/STM32F4xx_HAL_Driver/stm32f4xx_hal.o
 .debug_str     0x000ce246    0xc2e28 ./Drivers/STM32F4xx_HAL_Driver/stm32f4xx_hal_tim.o
 .debug_str     0x000ce246    0xc2644 ./Drivers/STM32F4xx_HAL_Driver/stm32f4xx_hal_tim_ex.o

.comment        0x00000000       0x43
 .comment       0x00000000       0x43 ./Application/User/Core/main.o
                                 0x44 (size before relaxing)
 .comment       0x00000043       0x44 ./Application/User/Core/stm32f4xx_hal_timebase_tim.o
 .comment       0x00000043       0x44 ./Application/User/Core/stm32f4xx_it.o
 .comment       0x00000043       0x44 ./Drivers/CMSIS/system_stm32f4xx.o
 .comment       0x00000043       0x44 ./Drivers/STM32F4xx_HAL_Driver/stm32f4xx_hal.o
 .comment       0x00000043       0x44 ./Drivers/STM32F4xx_HAL_Driver/stm32f4xx_hal_tim.o
 .comment       0x00000043       0x44 ./Drivers/STM32F4xx_HAL_Driver/stm32f4xx_hal_tim_ex.o

.debug_frame    0x00000000     0x2404
 .debug_frame   0x00000000      0x5f8 ./Application/User/Core/main.o
 .debug_frame   0x000005f8       0x74 ./Application/User/Core/stm32f4xx_hal_timebase_tim.o
 .debug_frame   0x0000066c      0x1a4 ./Application/User/Core/stm32f4xx_it.o
 .debug_frame   0x00000810       0x58 ./Drivers/CMSIS/system_stm32f4xx.o
 .debug_frame   0x00000868      0x374 ./Drivers/STM32F4xx_HAL_Driver/stm32f4xx_hal.o
 .debug_frame   0x00000bdc     0x11c4 ./Drivers/STM32F4xx_HAL_Driver/stm32f4xx_hal_tim.o
 .debug_frame   0x00001da0      0x638 ./Drivers/STM32F4xx_HAL_Driver/stm32f4xx_hal_tim_ex.o
 .debug_frame   0x000023d8       0x2c C:/STM32cubeIDE/install/STM32CubeIDE_1.19.0/STM32CubeIDE/plugins/com.st.stm32cube.ide.mcu.externaltools.gnu-tools-for-stm32.13.3.rel1.win32_1.0.0.202411081344/tools/bin/../lib/gcc/arm-none-eabi/13.3.1/../../../../arm-none-eabi/lib/thumb/v7e-m+fp/hard\libc_nano.a(libc_a-init.o)

.debug_line_str
                0x00000000       0x9f
 .debug_line_str
                0x00000000       0x9f ./Application/User/Startup/startup_stm32f407zgtx.o
