../../Drivers/CMSIS/Include/core_cm4.h:1676:26:__NVIC_GetPriorityGrouping	4	static
../../Drivers/CMSIS/Include/core_cm4.h:1688:22:__NVIC_EnableIRQ	16	static
../../Drivers/CMSIS/Include/core_cm4.h:1816:22:__NVIC_SetPriority	16	static
../../Drivers/CMSIS/Include/core_cm4.h:1863:26:NVIC_EncodePriority	40	static
../../Drivers/STM32F4xx_HAL_Driver/Inc/stm32f4xx_ll_dma.h:596:22:LL_DMA_SetDataTransferDirection	24	static
../../Drivers/STM32F4xx_HAL_Driver/Inc/stm32f4xx_ll_dma.h:644:22:LL_DMA_SetMode	24	static
../../Drivers/STM32F4xx_HAL_Driver/Inc/stm32f4xx_ll_dma.h:691:22:LL_DMA_SetPeriphIncMode	24	static
../../Drivers/STM32F4xx_HAL_Driver/Inc/stm32f4xx_ll_dma.h:736:22:LL_DMA_SetMemoryIncMode	24	static
../../Drivers/STM32F4xx_HAL_Driver/Inc/stm32f4xx_ll_dma.h:782:22:LL_DMA_SetPeriphSize	24	static
../../Drivers/STM32F4xx_HAL_Driver/Inc/stm32f4xx_ll_dma.h:829:22:LL_DMA_SetMemorySize	24	static
../../Drivers/STM32F4xx_HAL_Driver/Inc/stm32f4xx_ll_dma.h:922:22:LL_DMA_SetStreamPriorityLevel	24	static
../../Drivers/STM32F4xx_HAL_Driver/Inc/stm32f4xx_ll_dma.h:1020:22:LL_DMA_SetChannelSelection	24	static
../../Drivers/STM32F4xx_HAL_Driver/Inc/stm32f4xx_ll_dma.h:1277:22:LL_DMA_DisableFifoMode	16	static
../../Drivers/STM32F4xx_HAL_Driver/Inc/stm32f4xx_ll_rcc.h:2921:22:LL_RCC_HSE_EnableCSS	4	static
../../Drivers/STM32F4xx_HAL_Driver/Inc/stm32f4xx_ll_rcc.h:2951:22:LL_RCC_HSE_Enable	4	static
../../Drivers/STM32F4xx_HAL_Driver/Inc/stm32f4xx_ll_rcc.h:2971:26:LL_RCC_HSE_IsReady	4	static
../../Drivers/STM32F4xx_HAL_Driver/Inc/stm32f4xx_ll_rcc.h:3190:22:LL_RCC_SetSysClkSource	16	static
../../Drivers/STM32F4xx_HAL_Driver/Inc/stm32f4xx_ll_rcc.h:3206:26:LL_RCC_GetSysClkSource	4	static
../../Drivers/STM32F4xx_HAL_Driver/Inc/stm32f4xx_ll_rcc.h:3226:22:LL_RCC_SetAHBPrescaler	16	static
../../Drivers/STM32F4xx_HAL_Driver/Inc/stm32f4xx_ll_rcc.h:3242:22:LL_RCC_SetAPB1Prescaler	16	static
../../Drivers/STM32F4xx_HAL_Driver/Inc/stm32f4xx_ll_rcc.h:3258:22:LL_RCC_SetAPB2Prescaler	16	static
../../Drivers/STM32F4xx_HAL_Driver/Inc/stm32f4xx_ll_rcc.h:4186:22:LL_RCC_PLL_Enable	4	static
../../Drivers/STM32F4xx_HAL_Driver/Inc/stm32f4xx_ll_rcc.h:4207:26:LL_RCC_PLL_IsReady	4	static
../../Drivers/STM32F4xx_HAL_Driver/Inc/stm32f4xx_ll_rcc.h:4306:22:LL_RCC_PLL_ConfigDomain_SYS	24	static
../../Drivers/STM32F4xx_HAL_Driver/Inc/stm32f4xx_ll_bus.h:411:22:LL_AHB1_GRP1_EnableClock	24	static
../../Drivers/STM32F4xx_HAL_Driver/Inc/stm32f4xx_ll_bus.h:1187:22:LL_APB1_GRP1_EnableClock	24	static
../../Drivers/STM32F4xx_HAL_Driver/Inc/stm32f4xx_ll_bus.h:1706:22:LL_APB2_GRP1_EnableClock	24	static
../../Drivers/STM32F4xx_HAL_Driver/Inc/stm32f4xx_ll_system.h:1542:22:LL_FLASH_SetLatency	16	static
../../Drivers/STM32F4xx_HAL_Driver/Inc/stm32f4xx_ll_system.h:1568:26:LL_FLASH_GetLatency	4	static
../../Drivers/STM32F4xx_HAL_Driver/Inc/stm32f4xx_ll_pwr.h:507:22:LL_PWR_SetRegulVoltageScaling	16	static
../../Drivers/STM32F4xx_HAL_Driver/Inc/stm32f4xx_ll_pwr.h:885:26:LL_PWR_IsActiveFlag_VOS	4	static
../../Drivers/STM32F4xx_HAL_Driver/Inc/stm32f4xx_ll_usart.h:411:22:LL_USART_Enable	16	static
../../Drivers/STM32F4xx_HAL_Driver/Inc/stm32f4xx_ll_usart.h:1480:22:LL_USART_ConfigAsyncMode	16	static
../../Drivers/STM32F4xx_HAL_Driver/Inc/stm32f4xx_ll_gpio.h:882:22:LL_GPIO_SetOutputPin	16	static
C:/Users/86173/Desktop/ProjectRequirement/MCU_Now/Lin_STM32/STM32_F407ZGT6/Look20250928/Core/Src/main.c:68:6:SystemClock_Config	8	static
C:/Users/86173/Desktop/ProjectRequirement/MCU_Now/Lin_STM32/STM32_F407ZGT6/Look20250928/Core/Src/main.c:118:6:MX_USART1_UART_Init	64	static
C:/Users/86173/Desktop/ProjectRequirement/MCU_Now/Lin_STM32/STM32_F407ZGT6/Look20250928/Core/Src/main.c:209:6:MX_USART3_UART_Init	64	static
C:/Users/86173/Desktop/ProjectRequirement/MCU_Now/Lin_STM32/STM32_F407ZGT6/Look20250928/Core/Src/main.c:298:6:MX_DMA_Init	8	static
C:/Users/86173/Desktop/ProjectRequirement/MCU_Now/Lin_STM32/STM32_F407ZGT6/Look20250928/Core/Src/main.c:327:6:MX_GPIO_Init	32	static
C:/Users/86173/Desktop/ProjectRequirement/MCU_Now/Lin_STM32/STM32_F407ZGT6/Look20250928/Core/Src/main.c:368:6:HAL_TIM_PeriodElapsedCallback	16	static
C:/Users/86173/Desktop/ProjectRequirement/MCU_Now/Lin_STM32/STM32_F407ZGT6/Look20250928/Core/Src/main.c:386:6:Error_Handler	4	static,ignoring_inline_asm
