C:/Users/86173/Desktop/ProjectRequirement/MCU_Now/Lin_STM32/STM32_F407ZGT6/Look20250928/Core/Src/stm32f4xx_it.c:70:6:NMI_Handler	4	static
C:/Users/86173/Desktop/ProjectRequirement/MCU_Now/Lin_STM32/STM32_F407ZGT6/Look20250928/Core/Src/stm32f4xx_it.c:85:6:HardFault_Handler	4	static
C:/Users/86173/Desktop/ProjectRequirement/MCU_Now/Lin_STM32/STM32_F407ZGT6/Look20250928/Core/Src/stm32f4xx_it.c:100:6:MemManage_Handler	4	static
C:/Users/86173/Desktop/ProjectRequirement/MCU_Now/Lin_STM32/STM32_F407ZGT6/Look20250928/Core/Src/stm32f4xx_it.c:115:6:BusFault_Handler	4	static
C:/Users/86173/Desktop/ProjectRequirement/MCU_Now/Lin_STM32/STM32_F407ZGT6/Look20250928/Core/Src/stm32f4xx_it.c:130:6:UsageFault_Handler	4	static
C:/Users/86173/Desktop/ProjectRequirement/MCU_Now/Lin_STM32/STM32_F407ZGT6/Look20250928/Core/Src/stm32f4xx_it.c:145:6:SVC_Handler	4	static
C:/Users/86173/Desktop/ProjectRequirement/MCU_Now/Lin_STM32/STM32_F407ZGT6/Look20250928/Core/Src/stm32f4xx_it.c:158:6:DebugMon_Handler	4	static
C:/Users/86173/Desktop/ProjectRequirement/MCU_Now/Lin_STM32/STM32_F407ZGT6/Look20250928/Core/Src/stm32f4xx_it.c:171:6:PendSV_Handler	4	static
C:/Users/86173/Desktop/ProjectRequirement/MCU_Now/Lin_STM32/STM32_F407ZGT6/Look20250928/Core/Src/stm32f4xx_it.c:184:6:SysTick_Handler	4	static
C:/Users/86173/Desktop/ProjectRequirement/MCU_Now/Lin_STM32/STM32_F407ZGT6/Look20250928/Core/Src/stm32f4xx_it.c:205:6:DMA1_Stream1_IRQHandler	4	static
C:/Users/86173/Desktop/ProjectRequirement/MCU_Now/Lin_STM32/STM32_F407ZGT6/Look20250928/Core/Src/stm32f4xx_it.c:218:6:DMA1_Stream3_IRQHandler	4	static
C:/Users/86173/Desktop/ProjectRequirement/MCU_Now/Lin_STM32/STM32_F407ZGT6/Look20250928/Core/Src/stm32f4xx_it.c:231:6:TIM8_TRG_COM_TIM14_IRQHandler	8	static
C:/Users/86173/Desktop/ProjectRequirement/MCU_Now/Lin_STM32/STM32_F407ZGT6/Look20250928/Core/Src/stm32f4xx_it.c:245:6:DMA2_Stream2_IRQHandler	4	static
C:/Users/86173/Desktop/ProjectRequirement/MCU_Now/Lin_STM32/STM32_F407ZGT6/Look20250928/Core/Src/stm32f4xx_it.c:258:6:DMA2_Stream7_IRQHandler	4	static
